// Jest Snapshot v1, https://goo.gl/fbAQLP

exports[`Question renders 1`] = `
<div
  className=""
>
  <h1>
    Would You Rather?
  </h1>
  <div>
    Sorry, you need to log in to view this question.
  </div>
</div>
`;
